// Jest Snapshot v1, https://goo.gl/fbAQLP

exports[`FadeContents snapshot renders 1`] = `
<div
  className="sc-AxjAm bDJkhE"
/>
`;
