// Jest Snapshot v1, https://goo.gl/fbAQLP

exports[`PrecisionDropdown snapshot renders 1`] = `
<div
  className="sc-AxgMl qlIKz"
>
  <div
    className="sc-AxhUy jUcgjo"
    data-first-dropdown-section={true}
  >
    <ul
      className="sc-AxmLO dWIgqW"
    >
      <li>
        <div>
          <div
            className="sc-AxheI hhLxSH"
            color="blue"
          />
        </div>
        <div>
          <h3
            className="sc-AxjAm ftcold"
            color="blue"
          >
            Metrics
          </h3>
          <p>
            Time Series, Linear, Millisecond
          </p>
        </div>
      </li>
      <li>
        <div>
          <div
            className="sc-AxheI jTwUoS"
            color="green"
          />
        </div>
        <div>
          <h3
            className="sc-AxjAm cZsjBU"
            color="green"
          >
            Predictive
          </h3>
          <p>
            Machine Learning Algorithm
          </p>
        </div>
      </li>
      <li>
        <div>
          <div
            className="sc-AxheI fgSBud"
            color="teal"
          />
        </div>
        <div>
          <h3
            className="sc-AxjAm ebxatb"
            color="teal"
          >
            Cybernetics
          </h3>
          <p
            style={
              Object {
                "marginBottom": 0,
              }
            }
          >
            Flesh and Machine Combined Perfection
          </p>
        </div>
      </li>
    </ul>
  </div>
  <div
    className="sc-AxhUy jUcgjo"
  >
    <ul
      className="sc-Axmtr bqEewY"
    >
      <li>
        <h3
          className="sc-AxjAm jZVTIS"
        >
          Amber
        </h3>
        <div>
          Broad Spectrum Stasis Chambers
        </div>
      </li>
      <li>
        <h3
          className="sc-AxjAm jZVTIS"
        >
          Brain
        </h3>
        <div>
          Neurochemical Enhancements
        </div>
      </li>
      <li>
        <h3
          className="sc-AxjAm jZVTIS"
        >
          Shield
        </h3>
        <div>
          Protect Yourself from Temporal Threats
        </div>
      </li>
    </ul>
    <div
      className="sc-fzozJi ijsvyt"
    >
      <h3
        className="sc-AxjAm jZVTIS"
      >
        <a
          href="#"
        >
          <div
            className="sc-AxhCb hPcABc"
          />
          Travel Options for Time and Space
        </a>
      </h3>
    </div>
  </div>
</div>
`;
